// Vitest Snapshot v1, https://vitest.dev/guide/snapshot.html

exports[`Wire Out > wire out schemas must always be strict and reject random data, but when parsed returns only what is expected 1`] = `
[SchemaError: [
  {
    "code": "unrecognized_keys",
    "keys": [
      "extraField"
    ],
    "path": [],
    "message": "Unrecognized key: \\"extraField\\""
  }
]]
`;
